I'm sorry, but errors were detected in your script. Please correct the
errors listed below, and try again.


File "game/script.rpy", line 22: expected 'simple_expression' not found.
    show test at :
                 ^

Ren'Py Version: Ren'Py 7.4.6.1693
Tue Apr 12 19:08:22 2022
